// Jest Snapshot v1, https://goo.gl/fbAQLP

exports[`When I create the RotateSquare2 component should match snapshot 1`] = `<div class="spinner spinner--rotate-square-2" style="width: 60px; height: 60px; background: rgb(255, 255, 255);"></div>`;
